[ape.beladuy.qou-se.site/Eservice/HeathIssue/PrintedLicensfcb4.html]
[backblue.gif]
[fade.gif]
[index.html]
[ape.beladuy.qou-se.site/static/fav.png]
[ape.beladuy.qou-se.site/static/all.css]
[ape.beladuy.qou-se.site/static/select2.min.css]
[ape.beladuy.qou-se.site/static/enhancement5ae8.css]
[ape.beladuy.qou-se.site/static/bootstrap.min.css]
[ape.beladuy.qou-se.site/static/app.min.css]
[ape.beladuy.qou-se.site/static/Validation.css]
[ape.beladuy.qou-se.site/static/style.css]
[ape.beladuy.qou-se.site/static/jquery.calendars.picker.css]
[rawgit.com/abdennour/hijri-date/master/cdn/hijri-date-latest.min.js]
[ape.beladuy.qou-se.site/static/jquery.min.js]
[ape.beladuy.qou-se.site/static/bootstrap.bundle.min.js]
[ape.beladuy.qou-se.site/static/jquery.plugin.js]
[ape.beladuy.qou-se.site/static/jquery.calendars.js]
[ape.beladuy.qou-se.site/static/jquery.calendars.plus.js]
[ape.beladuy.qou-se.site/static/jquery.calendars.picker.js]
[ape.beladuy.qou-se.site/static/jquery.calendars.ummalqura.js]
[ape.beladuy.qou-se.site/static/select2.min.js]
[ape.beladuy.qou-se.site/static/ar.js]
[ape.beladuy.qou-se.site/static/parsley.min.js]
[ape.beladuy.qou-se.site/static/ar(1).js]
[ape.beladuy.qou-se.site/static/app.js]
[ape.beladuy.qou-se.site/static/startup.js]
[ape.beladuy.qou-se.site/static/Message.js]
[ape.beladuy.qou-se.site/static/Validation.js]
[ape.beladuy.qou-se.site/uploads/citizenes/17429334609020.jpg]
[ape.beladuy.qou-se.site/static/exten/muneer.min.css]
[ape.beladuy.qou-se.site/Eservice/HeathIssue/PrintedLicensfcb4.html]
[ape.beladuy.qou-se.site/static/all.css]
[ape.beladuy.qou-se.site/static/select2.min.css]
[ape.beladuy.qou-se.site/static/enhancement5ae8.css]
[ape.beladuy.qou-se.site/static/bootstrap.min.css]
[ape.beladuy.qou-se.site/static/exten/muneer.min.js]
[ape.beladuy.qou-se.site/static/fonts/jn/jn.css]
[ape.beladuy.qou-se.site/images/cityBG.png]
[ape.beladuy.qou-se.site/images/ab-2.png]
[ape.beladuy.qou-se.site/images/bg.jpg]
[ape.beladuy.qou-se.site/images/hero-img-2.png]
[ape.beladuy.qou-se.site/static/app.min.css]
[ape.beladuy.qou-se.site/static/Validation.css]
[ape.beladuy.qou-se.site/static/style.css]
[ape.beladuy.qou-se.site/static/jquery.calendars.picker.css]
[ape.beladuy.qou-se.site/static/exten/muneer.min.css]
[ape.beladuy.qou-se.site/static/fonts/jn/fonts/jannaltregular.eot]
[ape.beladuy.qou-se.site/static/fonts/jn/fonts/jannaltregular.woff2]
[ape.beladuy.qou-se.site/static/fonts/jn/fonts/jannaltregular.woff]
[ape.beladuy.qou-se.site/static/fonts/jn/fonts/jannaltregular.ttf]
[ape.beladuy.qou-se.site/static/fonts/jn/fonts/jannaltregular.svg]
[ape.beladuy.qou-se.site/static/fonts/jn/fonts/jannaltbold.eot]
[ape.beladuy.qou-se.site/static/fonts/jn/fonts/jannaltbold.woff2]
[ape.beladuy.qou-se.site/static/fonts/jn/fonts/jannaltbold.woff]
[ape.beladuy.qou-se.site/static/fonts/jn/fonts/jannaltbold.ttf]
[ape.beladuy.qou-se.site/static/fonts/jn/jn.css]
[ape.beladuy.qou-se.site/images/cityBG.html]
[ape.beladuy.qou-se.site/images/ab-2.html]
[ape.beladuy.qou-se.site/images/bg.html]
[ape.beladuy.qou-se.site/images/hero-img-2.html]
[ape.beladuy.qou-se.site/static/fonts/jn/fonts/jannaltregular.svg]
[ape.beladuy.qou-se.site/static/fonts/jn/fonts/jannaltbold.svg]
[ape.beladuy.qou-se.site/static/fonts/jn/fonts/jannaltbold.svg]
